[www.extasismotel.com.co/index.html]
[www.extasismotel.com.co/xmlrpc.0.delayed]
[backblue.gif]
[fade.gif]
[index.html]
[www.extasismotel.com.co/wp-content/plugins/LayerSlider/static/layerslider/css/layerslider7a2d.css]
[www.extasismotel.com.co/comments/feed/index.html]
[www.extasismotel.com.co/feed/index.html]
[www.extasismotel.com.co/wp-content/themes/thegem/css/thegem-preloader87b5.css]
[www.extasismotel.com.co/wp-content/themes/thegem/css/thegem-reset87b5.css]
[www.extasismotel.com.co/wp-content/themes/thegem/css/thegem-grid87b5.css]
[www.extasismotel.com.co/wp-content/themes/thegem/style87b5.css]
[www.extasismotel.com.co/wp-content/themes/thegem-child/style87b5.css]
[www.extasismotel.com.co/wp-content/themes/thegem/css/thegem-header87b5.css]
[www.extasismotel.com.co/wp-content/themes/thegem/css/thegem-widgets87b5.css]
[www.extasismotel.com.co/wp-content/themes/thegem/css/thegem-new-css87b5.css]
[www.extasismotel.com.co/wp-content/themes/thegem/css/thegem-perevazka-css87b5.css]
[www.extasismotel.com.co/wp-content/themes/thegem-child/css/custom-MyOyBvUh87b5.css]
[www.extasismotel.com.co/wp-content/plugins/js_composer/assets/css/js_composer.min8b06.css]
[www.extasismotel.com.co/wp-content/themes/thegem/css/thegem-additional-blog-187b5.css]
[www.extasismotel.com.co/wp-content/themes/thegem/css/thegem-hovers87b5.css]
[www.extasismotel.com.co/wp-content/themes/thegem/css/thegem-lazy-loading-animations87b5.css]
[www.extasismotel.com.co/wp-content/themes/thegem/js/fancyBox/jquery.fancybox.min87b5.css]
[www.extasismotel.com.co/wp-content/themes/thegem/css/thegem-vc_elements87b5.css]
[www.extasismotel.com.co/wp-content/plugins/contact-form-7/includes/css/stylesce52.css]
[www.extasismotel.com.co/wp-content/plugins/meta-slider-and-carousel-with-lightbox/assets/css/magnific-popup8daf.css]
[www.extasismotel.com.co/wp-content/plugins/meta-slider-and-carousel-with-lightbox/assets/css/slick8daf.css]
[www.extasismotel.com.co/wp-content/plugins/meta-slider-and-carousel-with-lightbox/assets/css/wp-igsp-public8daf.css]
[www.extasismotel.com.co/wp-content/plugins/revslider/public/assets/css/settings26ce.css]
[www.extasismotel.com.co/wp-content/themes/thegem/css/thegem-js_composer_columns87b5.css]
[www.extasismotel.com.co/wp-content/uploads/pum/pum-site-stylesa7b2.css]
[www.extasismotel.com.co/wp-content/plugins/forget-about-shortcode-buttons/public/css/button-styles431f.css]
[www.extasismotel.com.co/wp-content/themes/thegem-child/css/custom-style5152.css]
[www.extasismotel.com.co/wp-content/themes/thegem/js/thegem-settings-init87b5.js]
[www.extasismotel.com.co/wp-content/plugins/LayerSlider/static/layerslider/js/greensockb3a6.js]
[www.extasismotel.com.co/wp-includes/js/jquery/jqueryb8ff.js]
[www.extasismotel.com.co/wp-includes/js/jquery/jquery-migrate.min330a.js]
[www.extasismotel.com.co/wp-content/plugins/LayerSlider/static/layerslider/js/layerslider.kreaturamedia.jquery7a2d.js]
[www.extasismotel.com.co/wp-content/plugins/LayerSlider/static/layerslider/js/layerslider.transitions7a2d.js]
[www.extasismotel.com.co/wp-content/themes/thegem/js/thegem-fullwidth-loader87b5.js]
[www.extasismotel.com.co/wp-content/plugins/revslider/public/assets/js/jquery.themepunch.tools.min26ce.js]
[www.extasismotel.com.co/wp-content/plugins/revslider/public/assets/js/jquery.themepunch.revolution.min26ce.js]
[www.extasismotel.com.co/wp-content/plugins/zilla-likes/scripts/zilla-likes87b5.js]
[www.extasismotel.com.co/xmlrpc0db0.php]
[www.extasismotel.com.co/wp-json/index.html]
[www.extasismotel.com.co/wp-includes/wlwmanifest.xml]
[www.extasismotel.com.co/wp-json/oembed/1.0/embed1857.json]
[www.extasismotel.com.co/wp-json/oembed/1.0/embed9103]
[www.extasismotel.com.co/wp-content/uploads/2018/05/favicon.ico]
[www.extasismotel.com.co/wp-content/uploads/2016/08/22.png]
[www.extasismotel.com.co/wp-content/uploads/2016/08/p11061.jpg]
[www.extasismotel.com.co/wp-content/uploads/2018/09/31eda.jpg]
[www.extasismotel.com.co/wp-content/uploads/thegem-logos/logo_5b23fe9b6800e9f09d902d3010b254ea_1x.png]
[www.extasismotel.com.co/wp-content/uploads/2020/06/BANNER-PRINCIPAL-v2.jpg]
[www.extasismotel.com.co/nuestra-carta/index.html]
[www.extasismotel.com.co/tips-extasis/index.html]
[www.extasismotel.com.co/home/habitaciones/index.html]
[www.extasismotel.com.co/wp-content/uploads/2018/05/barra-decorativa-12-300x27.png]
[www.extasismotel.com.co/contacto/index.html]
[www.extasismotel.com.co/wp-content/uploads/2016/08/line3.png]
[www.extasismotel.com.co/wp-content/uploads/2018/09/2.jpg]
[www.extasismotel.com.co/wp-content/uploads/2018/09/2-1024x576.jpg]
[www.extasismotel.com.co/wp-content/uploads/2018/09/1.jpg]
[www.extasismotel.com.co/wp-content/uploads/2018/09/1-1024x576.jpg]
[www.extasismotel.com.co/wp-content/uploads/2018/09/3.jpg]
[www.extasismotel.com.co/wp-content/uploads/2018/09/3-576x1024.jpg]
[www.extasismotel.com.co/wp-content/uploads/2018/09/3-1.jpg]
[www.extasismotel.com.co/wp-content/uploads/2018/09/3-1-1024x576.jpg]
[www.extasismotel.com.co/wp-content/uploads/2018/09/2-1.jpg]
[www.extasismotel.com.co/wp-content/uploads/2018/09/2-1-1024x576.jpg]
[www.extasismotel.com.co/wp-content/uploads/2018/09/1-1.jpg]
[www.extasismotel.com.co/wp-content/uploads/2018/09/1-1-1024x576.jpg]
[www.extasismotel.com.co/wp-content/uploads/2018/09/5.jpg]
[www.extasismotel.com.co/wp-content/uploads/2018/09/5-1024x576.jpg]
[www.extasismotel.com.co/wp-content/uploads/2018/09/4.jpg]
[www.extasismotel.com.co/wp-content/uploads/2018/09/4-1024x576.jpg]
[www.extasismotel.com.co/wp-content/uploads/2018/09/presidencial.jpg]
[www.extasismotel.com.co/wp-content/uploads/2018/09/presidencial-1024x576.jpg]
[www.extasismotel.com.co/wp-content/uploads/2018/09/DSC3628.jpg]
[www.extasismotel.com.co/wp-content/uploads/2018/09/DSC3628-1024x576.jpg]
[www.extasismotel.com.co/wp-content/uploads/2018/09/DSC3616.jpg]
[www.extasismotel.com.co/wp-content/uploads/2018/09/DSC3616-1024x576.jpg]
[www.extasismotel.com.co/wp-content/uploads/2018/09/DSC3534.jpg]
[www.extasismotel.com.co/wp-content/uploads/2018/09/DSC3534-1024x576.jpg]
[www.extasismotel.com.co/wp-content/uploads/2018/09/Untitled-2.jpg]
[www.extasismotel.com.co/wp-content/uploads/2018/09/Untitled-2-1024x576.jpg]
[www.extasismotel.com.co/wp-content/uploads/2018/09/Untitled-1.jpg]
[www.extasismotel.com.co/wp-content/uploads/2018/09/Untitled-1-1024x576.jpg]
[www.extasismotel.com.co/wp-content/uploads/2016/08/line5.png]
[www.extasismotel.com.co/wp-content/uploads/2016/08/line6.png]
[www.extasismotel.com.co/wp-content/uploads/2018/05/down-arrow-80x80.png]
[www.extasismotel.com.co/wp-content/uploads/2022/06/BONO_2022-1-thegem-gallery-sidebar.jpg]
[www.extasismotel.com.co/wp-content/uploads/2022/06/BONO_2022-1-thegem-post-thumb-small.jpg]
[www.extasismotel.com.co/wp-content/uploads/2020/06/Bono_2020-1.jpg]
[www.extasismotel.com.co/wp-content/uploads/2016/11/31936603_619800371702829_7056408448719650816_n-thegem-news-carousel.jpg]
[www.extasismotel.com.co/news/lorem-ipsum-dolor-sit-4/index.html]
[www.extasismotel.com.co/wp-content/uploads/2016/11/32702617_625577327791800_4561185780076118016_n-thegem-news-carousel.jpg]
[www.extasismotel.com.co/news/lorem-ipsum-dolor-sit-3/index.html]
[www.extasismotel.com.co/wp-content/uploads/2016/11/29197006_594831194199747_1401882130926201848_n-thegem-news-carousel.jpg]
[www.extasismotel.com.co/news/lorem-ipsum-dolor-sit-2/index.html]
[www.extasismotel.com.co/wp-content/uploads/2016/11/29386125_598014760548057_5823523215889729368_n-thegem-news-carousel.jpg]
[www.extasismotel.com.co/news/lorem-ipsum-dolor-sit/index.html]
[www.extasismotel.com.co/wp-content/uploads/2022/02/PLAN-ESPECIAL-2022_PLAN-EXTASIS-300x146.png]
[www.extasismotel.com.co/sex-shop/index.html]
[www.extasismotel.com.co/wp-content/uploads/2022/02/PLAN-ESPECIAL-2022_PLAN-CUMPLEAÑOS-300x146.png]
[www.extasismotel.com.co/wp-content/uploads/2022/02/PLAN-ESPECIAL-2022_PLAN-ROMANTICO-300x146.png]
[www.extasismotel.com.co/wp-content/uploads/2022/06/1-300x188.jpg]
[www.extasismotel.com.co/wp-content/plugins/js_composer/assets/lib/bower/animate-css/animate.min8b06.css]
[www.extasismotel.com.co/wp-content/plugins/js_composer/assets/css/js_composer_tta.min8b06.css]
[www.extasismotel.com.co/wp-content/themes/thegem/css/icons-material87b5.css]
[www.extasismotel.com.co/wp-content/themes/thegem/css/thegem-itemsAnimations87b5.css]
[www.extasismotel.com.co/wp-includes/js/mediaelement/mediaelementplayer-legacy.min45a0.css]
[www.extasismotel.com.co/wp-content/themes/thegem/css/wp-mediaelement87b5.css]
[www.extasismotel.com.co/wp-content/themes/thegem/css/thegem-blog87b5.css]
[www.extasismotel.com.co/wp-content/themes/thegem/css/thegem-additional-blog87b5.css]
[www.extasismotel.com.co/wp-content/themes/thegem/css/thegem-blog-timeline-new87b5.css]
[www.extasismotel.com.co/wp-content/themes/thegem/js/jquery.dlmenu87b5.js]
[www.extasismotel.com.co/wp-content/themes/thegem/js/thegem-menu_init87b5.js]
[www.extasismotel.com.co/wp-content/themes/thegem/js/svg4everybody87b5.js]
[www.extasismotel.com.co/wp-content/themes/thegem/js/thegem-form-elements87b5.js]
[www.extasismotel.com.co/wp-content/themes/thegem/js/jquery.easing87b5.js]
[www.extasismotel.com.co/wp-content/themes/thegem/js/thegem-header87b5.js]
[www.extasismotel.com.co/wp-content/themes/thegem/js/thegem-lazyLoading87b5.js]
[www.extasismotel.com.co/wp-content/themes/thegem/js/jquery.transform87b5.js]
[www.extasismotel.com.co/wp-includes/js/jquery/ui/effect.mine899.js]
[www.extasismotel.com.co/wp-includes/js/jquery/ui/effect-drop.mine899.js]
[www.extasismotel.com.co/wp-content/themes/thegem/js/odometer87b5.js]
[www.extasismotel.com.co/wp-content/themes/thegem/js/thegem-sticky87b5.js]
[www.extasismotel.com.co/wp-content/themes/thegem/js/functions87b5.js]
[www.extasismotel.com.co/wp-content/themes/thegem/js/fancyBox/jquery.mousewheel.pack87b5.js]
[www.extasismotel.com.co/wp-content/themes/thegem/js/fancyBox/jquery.fancybox.min87b5.js]
[www.extasismotel.com.co/wp-content/themes/thegem/js/fancyBox/jquery.fancybox-init87b5.js]
[www.extasismotel.com.co/wp-content/themes/thegem/js/thegem-vc_elements_init87b5.js]
[www.extasismotel.com.co/wp-content/plugins/contact-form-7/includes/js/scriptsce52.js]
[www.extasismotel.com.co/wp-includes/js/jquery/ui/core.mine899.js]
[www.extasismotel.com.co/wp-includes/js/jquery/ui/position.mine899.js]
[www.extasismotel.com.co/wp-content/uploads/pum/pum-site-scriptsf9cc.js]
[www.extasismotel.com.co/wp-includes/js/wp-embed.min87b5.js]
[www.extasismotel.com.co/wp-content/plugins/js_composer/assets/js/dist/js_composer_front.min8b06.js]
[www.extasismotel.com.co/wp-content/plugins/js_composer/assets/lib/waypoints/waypoints.min8b06.js]
[www.extasismotel.com.co/wp-content/themes/thegem/js/vc-accordion8b06.js]
[www.extasismotel.com.co/wp-content/plugins/js_composer/assets/lib/vc-tta-autoplay/vc-tta-autoplay.min8b06.js]
[www.extasismotel.com.co/wp-content/plugins/js_composer/assets/lib/vc_tabs/vc-tabs.min8b06.js]
[www.extasismotel.com.co/wp-content/themes/thegem/js/quickfinders-effects87b5.js]
[www.extasismotel.com.co/wp-content/plugins/meta-slider-and-carousel-with-lightbox/assets/js/jquery.magnific-popup.min8daf.js]
[www.extasismotel.com.co/wp-content/plugins/meta-slider-and-carousel-with-lightbox/assets/js/slick.min8daf.js]
[www.extasismotel.com.co/wp-content/plugins/meta-slider-and-carousel-with-lightbox/assets/js/wp-igsp-public8daf.js]
[www.extasismotel.com.co/wp-content/themes/thegem/js/jquery.touchSwipe.min87b5.js]
[www.extasismotel.com.co/wp-content/themes/thegem/js/jquery.carouFredSel87b5.js]
[www.extasismotel.com.co/wp-content/themes/thegem/js/thegem-scrollMonitor87b5.js]
[www.extasismotel.com.co/wp-content/themes/thegem/js/thegem-gallery87b5.js]
[www.extasismotel.com.co/wp-content/themes/thegem/js/thegem-itemsAnimations87b5.js]
[www.extasismotel.com.co/wp-includes/js/mediaelement/mediaelement-and-player.min45a0.js]
[www.extasismotel.com.co/wp-includes/js/mediaelement/mediaelement-migrate.min87b5.js]
[www.extasismotel.com.co/wp-content/themes/thegem/js/thegem-mediaelement87b5.js]
[www.extasismotel.com.co/wp-includes/js/imagesloaded.min55a0.js]
[www.extasismotel.com.co/wp-content/themes/thegem/js/thegem-blog87b5.js]
[www.extasismotel.com.co/wp-content/themes/thegem/js/news-carousel87b5.js]
[www.extasismotel.com.co/index.html]
[www.extasismotel.com.co/xmlrpc.php]
[www.extasismotel.com.co/wp-content/plugins/LayerSlider/static/layerslider/css/layerslider7a2d.css]
[www.extasismotel.com.co/wp-content/themes/thegem/css/thegem-preloader87b5.css]
[www.extasismotel.com.co/wp-content/themes/thegem/css/thegem-reset87b5.css]
[www.extasismotel.com.co/wp-content/themes/thegem/css/thegem-grid87b5.css]
[www.extasismotel.com.co/wp-content/themes/thegem/fonts/thegem-iconsf452.eot]
[www.extasismotel.com.co/wp-content/themes/thegem/fonts/thegem-iconsd41d.eot]
[www.extasismotel.com.co/wp-content/themes/thegem/fonts/thegem-iconsf452.woff]
[www.extasismotel.com.co/wp-content/themes/thegem/fonts/thegem-iconsf452.ttf]
[www.extasismotel.com.co/wp-content/themes/thegem/fonts/thegem-iconsf452.svg]
[www.extasismotel.com.co/wp-content/themes/thegem/fonts/thegem-socials.eot]
[www.extasismotel.com.co/wp-content/themes/thegem/fonts/thegem-socialsd41d.eot]
[www.extasismotel.com.co/wp-content/themes/thegem/fonts/thegem-socials.ttf]
[www.extasismotel.com.co/wp-content/themes/thegem/fonts/thegem-socials.woff]
[www.extasismotel.com.co/wp-content/themes/thegem/fonts/thegem-socials.svg]
[www.extasismotel.com.co/wp-content/themes/thegem/css/grayscale.svg]
[www.extasismotel.com.co/wp-content/themes/thegem/images/preloader-1.gif]
[www.extasismotel.com.co/wp-content/themes/thegem/images/divider-wave.png]
[www.extasismotel.com.co/wp-content/themes/thegem/css/circle.svg]
[www.extasismotel.com.co/wp-content/themes/thegem/images/map-locker.png]
[www.extasismotel.com.co/wp-content/themes/thegem/images/divider-zigzag.png]
[www.extasismotel.com.co/wp-content/themes/thegem/css/rounded.svg]
[www.extasismotel.com.co/wp-content/themes/images/mouse_icon.9f.delayed]
[www.extasismotel.com.co/wp-content/themes/thegem/style87b5.css]
[www.extasismotel.com.co/wp-content/themes/thegem-child/style87b5.css]
[www.extasismotel.com.co/wp-content/themes/thegem/css/thegem-header87b5.css]
[www.extasismotel.com.co/wp-content/themes/thegem/images/default-avatar.png]
[www.extasismotel.com.co/wp-content/themes/thegem/css/thegem-widgets87b5.css]
[www.extasismotel.com.co/wp-content/themes/thegem/css/thegem-new-css87b5.css]
[www.extasismotel.com.co/wp-content/themes/thegem/css/thegem-perevazka-css87b5.css]
[www.extasismotel.com.co/wp-content/themes/thegem/fonts/montserrat-ultralight.eot]
[www.extasismotel.com.co/wp-content/themes/thegem/fonts/montserrat-ultralightd41d.eot]
[www.extasismotel.com.co/wp-content/themes/thegem/fonts/montserrat-ultralight.woff]
[www.extasismotel.com.co/wp-content/themes/thegem/fonts/montserrat-ultralight.ttf]
[www.extasismotel.com.co/wp-content/themes/thegem-child/css/custom-MyOyBvUh87b5.css]
[www.extasismotel.com.co/wp-content/themes/thegem/fonts/montserrat-ultralight.svg]
[www.extasismotel.com.co/wp-content/plugins/js_composer/assets/vc/alert.png]
[www.extasismotel.com.co/wp-content/plugins/js_composer/assets/vc/info.png]
[www.extasismotel.com.co/wp-content/plugins/js_composer/assets/vc/tick.png]
[www.extasismotel.com.co/wp-content/plugins/js_composer/assets/vc/exclamation.png]
[www.extasismotel.com.co/wp-content/plugins/js_composer/assets/images/icons/address-book.png]
[www.extasismotel.com.co/wp-content/plugins/js_composer/assets/images/icons/alarm-clock.png]
[www.extasismotel.com.co/wp-content/plugins/js_composer/assets/images/icons/anchor.png]
[www.extasismotel.com.co/wp-content/plugins/js_composer/assets/images/icons/application-image.png]
[www.extasismotel.com.co/wp-content/plugins/js_composer/assets/images/icons/arrow.png]
[www.extasismotel.com.co/wp-content/plugins/js_composer/assets/images/icons/asterisk.png]
[www.extasismotel.com.co/wp-content/plugins/js_composer/assets/images/icons/auction-hammer.png]
[www.extasismotel.com.co/wp-content/plugins/js_composer/assets/images/icons/balloon.png]
[www.extasismotel.com.co/wp-content/plugins/js_composer/assets/images/icons/balloon-buzz.png]
[www.extasismotel.com.co/wp-content/plugins/js_composer/assets/images/icons/balloon-facebook.png]
[www.extasismotel.com.co/wp-content/plugins/js_composer/assets/images/icons/balloon-twitter.png]
[www.extasismotel.com.co/wp-content/plugins/js_composer/assets/images/icons/battery-full.png]
[www.extasismotel.com.co/wp-content/plugins/js_composer/assets/images/icons/binocular.png]
[www.extasismotel.com.co/wp-content/plugins/js_composer/assets/images/icons/blue-document-excel.png]
[www.extasismotel.com.co/wp-content/plugins/js_composer/assets/images/icons/blue-document-image.png]
[www.extasismotel.com.co/wp-content/plugins/js_composer/assets/images/icons/blue-document-music.png]
[www.extasismotel.com.co/wp-content/plugins/js_composer/assets/images/icons/blue-document-office.png]
[www.extasismotel.com.co/wp-content/plugins/js_composer/assets/images/icons/blue-document-pdf.png]
[www.extasismotel.com.co/wp-content/plugins/js_composer/assets/images/icons/blue-document-powerpoint.png]
[www.extasismotel.com.co/wp-content/plugins/js_composer/assets/images/icons/blue-document-word.png]
[www.extasismotel.com.co/wp-content/plugins/js_composer/assets/images/icons/bookmark.png]
[www.extasismotel.com.co/wp-content/plugins/js_composer/assets/images/icons/camcorder.png]
[www.extasismotel.com.co/wp-content/plugins/js_composer/assets/images/icons/camera.png]
[www.extasismotel.com.co/wp-content/plugins/js_composer/assets/images/icons/chart.png]
[www.extasismotel.com.co/wp-content/plugins/js_composer/assets/images/icons/chart-pie.png]
[www.extasismotel.com.co/wp-content/plugins/js_composer/assets/images/icons/clock.png]
[www.extasismotel.com.co/wp-content/plugins/js_composer/assets/images/icons/control.png]
[www.extasismotel.com.co/wp-content/plugins/js_composer/assets/images/icons/fire.png]
[www.extasismotel.com.co/wp-content/plugins/js_composer/assets/images/icons/heart.png]
[www.extasismotel.com.co/wp-content/plugins/js_composer/assets/images/icons/mail.png]
[www.extasismotel.com.co/wp-content/plugins/js_composer/assets/images/icons/plus-shield.png]
[www.extasismotel.com.co/wp-content/plugins/js_composer/assets/images/icons/video.png]
[www.extasismotel.com.co/wp-content/plugins/js_composer/assets/fonts/vc_icons_v2/fonts/vcpb-plugin-icons01aa.ttf]
[www.extasismotel.com.co/wp-content/plugins/js_composer/assets/fonts/vc_icons_v2/fonts/vcpb-plugin-icons01aa.woff]
[www.extasismotel.com.co/wp-content/plugins/js_composer/assets/fonts/vc_icons_v2/fonts/vcpb-plugin-icons01aa.svg]
[www.extasismotel.com.co/wp-content/plugins/js_composer/assets/images/toggle_open.png]
[www.extasismotel.com.co/wp-content/plugins/js_composer/assets/images/toggle_close.png]
[www.extasismotel.com.co/wp-content/plugins/js_composer/assets/images/flickr.png]
[www.extasismotel.com.co/wp-content/plugins/js_composer/assets/fonts/vc_grid/vc_grid_v157a1.eot]
[www.extasismotel.com.co/wp-content/plugins/js_composer/assets/fonts/vc_grid/vc_grid_v1d41d.eot]
[www.extasismotel.com.co/wp-content/plugins/js_composer/assets/fonts/vc_grid/vc_grid_v157a1.woff]
[www.extasismotel.com.co/wp-content/plugins/js_composer/assets/fonts/vc_grid/vc_grid_v157a1.ttf]
[www.extasismotel.com.co/wp-content/plugins/js_composer/assets/fonts/vc_grid/vc_grid_v157a1.svg]
[www.extasismotel.com.co/wp-content/plugins/js_composer/assets/images/spinner.gif]
[www.extasismotel.com.co/wp-content/plugins/js_composer/assets/vc/remove.png]
[www.extasismotel.com.co/wp-content/plugins/js_composer/assets/css/js_composer.min8b06.css]
[www.extasismotel.com.co/wp-content/themes/thegem/css/thegem-additional-blog-187b5.css]
[www.extasismotel.com.co/wp-content/themes/thegem/css/thegem-hovers87b5.css]
[www.extasismotel.com.co/wp-content/themes/thegem/css/thegem-lazy-loading-animations87b5.css]
[www.extasismotel.com.co/wp-content/themes/thegem/js/fancyBox/jquery.fancybox.min87b5.css]
[www.extasismotel.com.co/wp-content/themes/thegem/images/admin-images/portfolio-dummy.png]
[www.extasismotel.com.co/wp-content/themes/thegem/images/admin-images/products-dummy.png]
[www.extasismotel.com.co/wp-content/themes/thegem/images/admin-images/testimonials-dummy.png]
[www.extasismotel.com.co/wp-content/themes/thegem/images/admin-images/countdown-dummy.png]
[www.extasismotel.com.co/wp-content/themes/thegem/images/admin-images/news-dummy.png]
[www.extasismotel.com.co/wp-content/themes/thegem/images/admin-images/gallery-dummy.png]
[www.extasismotel.com.co/wp-content/themes/thegem/images/admin-images/diagram-dummy.png]
[www.extasismotel.com.co/wp-content/themes/thegem/images/admin-images/clients-dummy.png]
[www.extasismotel.com.co/wp-content/themes/thegem/images/admin-images/counter-dummy.png]
[www.extasismotel.com.co/wp-content/themes/thegem/images/admin-images/instagram-dummy.png]
[www.extasismotel.com.co/wp-content/themes/thegem/css/thegem-vc_elements87b5.css]
[www.extasismotel.com.co/wp-content/plugins/contact-form-7/images/ajax-loader.gif]
[www.extasismotel.com.co/wp-content/plugins/contact-form-7/includes/css/stylesce52.css]
[www.extasismotel.com.co/wp-content/plugins/meta-slider-and-carousel-with-lightbox/assets/css/magnific-popup8daf.css]
[www.extasismotel.com.co/wp-content/plugins/meta-slider-and-carousel-with-lightbox/assets/css/slick8daf.css]
[www.extasismotel.com.co/wp-content/plugins/meta-slider-and-carousel-with-lightbox/assets/images/arrow-right.png]
[www.extasismotel.com.co/wp-content/plugins/meta-slider-and-carousel-with-lightbox/assets/images/arrow-left.png]
[www.extasismotel.com.co/wp-content/plugins/meta-slider-and-carousel-with-lightbox/assets/css/wp-igsp-public8daf.css]
[www.extasismotel.com.co/wp-content/plugins/revslider/public/assets/fonts/revicons/revicons90c6.eot]
[www.extasismotel.com.co/wp-content/plugins/revslider/public/assets/fonts/revicons/revicons90c6.woff]
[www.extasismotel.com.co/wp-content/plugins/revslider/public/assets/fonts/revicons/revicons90c6.ttf]
[www.extasismotel.com.co/wp-content/plugins/revslider/public/assets/fonts/revicons/revicons90c6.svg]
[www.extasismotel.com.co/wp-content/plugins/revslider/public/assets/css/openhand.cur]
[www.extasismotel.com.co/wp-content/plugins/revslider/public/assets/css/closedhand.cur]
[www.extasismotel.com.co/wp-content/plugins/revslider/public/assets/assets/gridtile.png]
[www.extasismotel.com.co/wp-content/plugins/revslider/public/assets/assets/gridtile_white.png]
[www.extasismotel.com.co/wp-content/plugins/revslider/public/assets/assets/gridtile_3x3.png]
[www.extasismotel.com.co/wp-content/plugins/revslider/public/assets/assets/gridtile_3x3_white.png]
[www.extasismotel.com.co/wp-content/plugins/revslider/public/assets/assets/coloredbg.png]
[www.extasismotel.com.co/wp-content/plugins/revslider/public/assets/assets/loader.gif]
[www.extasismotel.com.co/wp-content/plugins/revslider/public/assets/css/settings26ce.css]
[www.extasismotel.com.co/wp-content/themes/thegem/css/thegem-js_composer_columns87b5.css]
[www.extasismotel.com.co/wp-content/uploads/pum/pum-site-stylesa7b2.css]
[www.extasismotel.com.co/wp-includes/css/dashicons.min.css]
[www.extasismotel.com.co/wp-content/plugins/forget-about-shortcode-buttons/public/css/font-awesome.min.css]
[www.extasismotel.com.co/wp-content/plugins/forget-about-shortcode-buttons/public/css/button-styles431f.css]
[www.extasismotel.com.co/wp-content/themes/thegem-child/css/custom-style5152.css]
[www.extasismotel.com.co/indexe219.html]
[www.extasismotel.com.co/wp-json/oembed/1.0/embed688f.json]
[www.extasismotel.com.co/wp-json/oembed/1.0/embed86b0]
[www.extasismotel.com.co/wp-content/uploads/2018/09/BANNER-PRINCIPAL-05.jpg]
[www.extasismotel.com.co/home/habitaciones/index.html]
[www.extasismotel.com.co/index3766.html]
[www.extasismotel.com.co/wp-json/oembed/1.0/embed5e9f.json]
[www.extasismotel.com.co/wp-json/oembed/1.0/embed2cc0]
[www.extasismotel.com.co/wp-content/uploads/2020/06/CARTA-3.jpg]
[www.extasismotel.com.co/wp-content/plugins/js_composer/assets/lib/bower/font-awesome/css/font-awesome.min8b06.css]
[www.extasismotel.com.co/wp-content/plugins/interactive-3d-flipbook-powered-physics-engine/assets/css/clientf24c.css]
[www.extasismotel.com.co/wp-content/plugins/interactive-3d-flipbook-powered-physics-engine/assets/js/pdf.min5e0e.js]
[www.extasismotel.com.co/wp-content/plugins/interactive-3d-flipbook-powered-physics-engine/assets/js/html2canvas.min6a79.js]
[www.extasismotel.com.co/wp-content/plugins/interactive-3d-flipbook-powered-physics-engine/assets/js/three.min9e49.js]
[www.extasismotel.com.co/wp-content/plugins/interactive-3d-flipbook-powered-physics-engine/assets/js/3d-flip-book.minf24c.js]
[www.extasismotel.com.co/wp-content/plugins/interactive-3d-flipbook-powered-physics-engine/assets/js/fullscreen.minf24c.js]
[www.extasismotel.com.co/nuestra-carta/index.html]
[www.extasismotel.com.co/wp-json/oembed/1.0/embed4da3.json]
[www.extasismotel.com.co/index4523.html]
[www.extasismotel.com.co/wp-json/oembed/1.0/embedb455]
[www.extasismotel.com.co/wp-content/uploads/2018/09/BANNER-PRINCIPAL-06.jpg]
[www.extasismotel.com.co/wp-content/uploads/2016/11/31936603_619800371702829_7056408448719650816_n-thegem-blog-compact.jpg]
[www.extasismotel.com.co/wp-content/uploads/2016/11/32702617_625577327791800_4561185780076118016_n-thegem-blog-compact.jpg]
[www.extasismotel.com.co/wp-content/uploads/2016/11/29197006_594831194199747_1401882130926201848_n-thegem-blog-compact.jpg]
[www.extasismotel.com.co/wp-content/uploads/2016/11/29386125_598014760548057_5823523215889729368_n-thegem-blog-compact.jpg]
[www.extasismotel.com.co/tips-extasis/index.html]
[www.extasismotel.com.co/wp-json/oembed/1.0/embed5db0.json]
[www.extasismotel.com.co/index5dc1.html]
[www.extasismotel.com.co/wp-json/oembed/1.0/embedf014]
[www.extasismotel.com.co/wp-content/uploads/2018/09/BANNER-CONTACTO.jpg]
[www.extasismotel.com.co/wp-content/uploads/2020/06/AUTORIZACIÓN-PARA-EL-MANEJO-DE-DATOS-PERSONALES.pdf]
[www.extasismotel.com.co/contacto/index.html]
[www.extasismotel.com.co/wp-json/oembed/1.0/embedeeb4.json]
[www.extasismotel.com.co/index122f.html]
[www.extasismotel.com.co/wp-json/oembed/1.0/embed6b38]
[www.extasismotel.com.co/news/lorem-ipsum-dolor-sit-4/index.html]
[www.extasismotel.com.co/wp-json/oembed/1.0/embedd01c.json]
[www.extasismotel.com.co/index0f13.html]
[www.extasismotel.com.co/wp-json/oembed/1.0/embed0932]
[www.extasismotel.com.co/news/lorem-ipsum-dolor-sit-3/index.html]
[www.extasismotel.com.co/index5e66.html]
[www.extasismotel.com.co/wp-json/oembed/1.0/embed557d.json]
[www.extasismotel.com.co/wp-json/oembed/1.0/embed91f7]
[www.extasismotel.com.co/news/lorem-ipsum-dolor-sit-2/index.html]
[www.extasismotel.com.co/wp-json/oembed/1.0/embed8b2f.json]
[www.extasismotel.com.co/index4414.html]
[www.extasismotel.com.co/wp-json/oembed/1.0/embed5325]
[www.extasismotel.com.co/news/lorem-ipsum-dolor-sit/index.html]
[www.extasismotel.com.co/index4eb7.html]
[www.extasismotel.com.co/wp-json/oembed/1.0/embedf836.json]
[www.extasismotel.com.co/wp-json/oembed/1.0/embedab81]
[www.extasismotel.com.co/wp-content/uploads/2020/06/BANNER-SEX-SHOP.png]
[www.extasismotel.com.co/wp-content/uploads/2020/06/LETRERO-NEON.png]
[www.extasismotel.com.co/sex-shop/index.html]
[www.extasismotel.com.co/wp-content/plugins/js_composer/assets/lib/bower/animate-css/animate.min8b06.css]
[www.extasismotel.com.co/wp-content/plugins/js_composer/assets/css/js_composer_tta.min8b06.css]
[www.extasismotel.com.co/wp-content/themes/thegem/fonts/material/materialdesignicons.eot]
[www.extasismotel.com.co/wp-content/themes/thegem/fonts/material/materialdesigniconsd41d.eot]
[www.extasismotel.com.co/wp-content/themes/thegem/fonts/material/materialdesignicons.woff]
[www.extasismotel.com.co/wp-content/themes/thegem/fonts/material/materialdesignicons.ttf]
[www.extasismotel.com.co/wp-content/themes/thegem/css/icons-material87b5.css]
[www.extasismotel.com.co/wp-content/themes/thegem/css/thegem-itemsAnimations87b5.css]
[www.extasismotel.com.co/wp-content/themes/thegem/fonts/material/materialdesignicons.svg]
[www.extasismotel.com.co/wp-includes/js/mediaelement/mejs-controls.svg]
[www.extasismotel.com.co/wp-includes/js/mediaelement/mediaelementplayer-legacy.min45a0.css]
[www.extasismotel.com.co/wp-content/themes/thegem/css/wp-mediaelement87b5.css]
[www.extasismotel.com.co/wp-content/themes/thegem/css/thegem-blog87b5.css]
[www.extasismotel.com.co/wp-content/themes/thegem/css/thegem-additional-blog87b5.css]
[www.extasismotel.com.co/wp-content/themes/thegem/css/thegem-blog-timeline-new87b5.css]
[www.extasismotel.com.co/wp-content/themes/thegem/fonts/thegem-iconsf452.svg]
[www.extasismotel.com.co/wp-content/themes/thegem/fonts/thegem-socials.svg]
[www.extasismotel.com.co/wp-content/themes/thegem/css/grayscale.svg]
[www.extasismotel.com.co/wp-content/themes/thegem/css/circle.svg]
[www.extasismotel.com.co/wp-content/themes/thegem/css/rounded.svg]
[www.extasismotel.com.co/wp-content/themes/images/mouse_icon.html]
[www.extasismotel.com.co/wp-content/themes/thegem/fonts/montserrat-ultralight.svg]
[www.extasismotel.com.co/wp-content/plugins/js_composer/assets/fonts/vc_icons_v2/fonts/vcpb-plugin-icons01aa.svg]
[www.extasismotel.com.co/wp-content/plugins/js_composer/assets/fonts/vc_grid/vc_grid_v157a1.svg]
[www.extasismotel.com.co/wp-content/plugins/revslider/public/assets/fonts/revicons/revicons90c6.svg]
[www.extasismotel.com.co/wp-includes/fonts/dashicons.eot]
[www.extasismotel.com.co/wp-includes/css/dashicons.min.css]
[www.extasismotel.com.co/wp-content/plugins/forget-about-shortcode-buttons/public/fonts/fontawesome-webfontba72.eot]
[www.extasismotel.com.co/wp-content/plugins/forget-about-shortcode-buttons/public/fonts/fontawesome-webfontd41d.eot]
[www.extasismotel.com.co/wp-content/plugins/forget-about-shortcode-buttons/public/fonts/fontawesome-webfontba72.woff]
[www.extasismotel.com.co/wp-content/plugins/forget-about-shortcode-buttons/public/fonts/fontawesome-webfontba72.ttf]
[www.extasismotel.com.co/wp-content/plugins/forget-about-shortcode-buttons/public/css/font-awesome.min.css]
[www.extasismotel.com.co/indexe219.html]
[www.extasismotel.com.co/index3766.html]
[www.extasismotel.com.co/wp-content/plugins/forget-about-shortcode-buttons/public/fonts/fontawesome-webfontba72.svg]
[www.extasismotel.com.co/wp-content/plugins/js_composer/assets/lib/bower/font-awesome/fonts/fontawesome-webfont3e6e.eot]
[www.extasismotel.com.co/wp-content/plugins/js_composer/assets/lib/bower/font-awesome/fonts/fontawesome-webfontd41d.eot]
[www.extasismotel.com.co/wp-content/plugins/js_composer/assets/lib/bower/font-awesome/fonts/fontawesome-webfont3e6e.woff2]
[www.extasismotel.com.co/wp-content/plugins/js_composer/assets/lib/bower/font-awesome/fonts/fontawesome-webfont3e6e.woff]
[www.extasismotel.com.co/wp-content/plugins/js_composer/assets/lib/bower/font-awesome/fonts/fontawesome-webfont3e6e.ttf]
[www.extasismotel.com.co/wp-content/plugins/js_composer/assets/lib/bower/font-awesome/css/font-awesome.min8b06.css]
[www.extasismotel.com.co/wp-content/plugins/js_composer/assets/lib/bower/font-awesome/fonts/fontawesome-webfont3e6e.svg]
[www.extasismotel.com.co/wp-content/plugins/interactive-3d-flipbook-powered-physics-engine/assets/images/texture.jpg]
[www.extasismotel.com.co/wp-content/plugins/interactive-3d-flipbook-powered-physics-engine/assets/images/inverse-texture.jpg]
[www.extasismotel.com.co/wp-content/plugins/interactive-3d-flipbook-powered-physics-engine/assets/css/clientf24c.css]
[www.extasismotel.com.co/index4523.html]
[www.extasismotel.com.co/index5dc1.html]
[www.extasismotel.com.co/index122f.html]
[www.extasismotel.com.co/index0f13.html]
[www.extasismotel.com.co/index5e66.html]
[www.extasismotel.com.co/index4414.html]
[www.extasismotel.com.co/index4eb7.html]
[www.extasismotel.com.co/wp-content/themes/thegem/fonts/material/materialdesignicons.svg]
[www.extasismotel.com.co/wp-includes/js/mediaelement/mejs-controls.svg]
[www.extasismotel.com.co/wp-content/plugins/forget-about-shortcode-buttons/public/fonts/fontawesome-webfontba72.svg]
[www.extasismotel.com.co/wp-content/plugins/js_composer/assets/lib/bower/font-awesome/fonts/fontawesome-webfont3e6e.svg]
